// Vitest Snapshot v1, https://vitest.dev/guide/snapshot.html

exports[`BreakoutRoomModal > renders the modal 1`] = `""`;
