// Vitest Snapshot v1, https://vitest.dev/guide/snapshot.html

exports[`MeetingVideo > renders correctly 1`] = `
"<div class="container mx-auto mb-8 mt-8">
  <!--v-if-->
</div>"
`;
